If(Binop(Id(x), Less, IntLiteral(4))) { Block(Call(print, StringLiteral(hello world))) } Else { Block(Call(print, StringLiteral(x is greater than 4))) }
