BoolLiteral(true)
BoolLiteral(false)
Unop(Not, BoolLiteral(true))
Unop(Not, BoolLiteral(false))
Binop(IntLiteral(1), Equal, IntLiteral(2))
Binop(IntLiteral(3), Less, IntLiteral(4))
Binop(IntLiteral(5), Leq, IntLiteral(6))
Binop(IntLiteral(7), Greater, IntLiteral(0))
Binop(IntLiteral(1), Geq, Unop(Neg, IntLiteral(5)))
Unop(Not, Binop(IntLiteral(1), Less, IntLiteral(5)))
