INT
FLOAT
BOOL
VOID
NULL
TRUE
FALSE
STOCK
ORDER
PORTFOLIO
STRUCT
ARRAY
STRING
