INT_LITERAL
FLOAT_LITERAL
ID
ID
ID
STRING_LITERAL
STRING_LITERAL
