PLUS
MINUS
TIMES
DIVIDE
MODULO
PLUSEQ
MINUSEQ
TIMESEQ
DIVIDEEQ
MODULOEQ
ASSIGN
