LPAREN
RPAREN
RPAREN
LPAREN
LBRACE
RBRACE
RBRACE
LBRACE
SEMI
SEMI
SEMI
COMMA
COMMA
COMMA
